C:\Users\e.andre.germano\Documentos\Eclipse\algaworks-curso-spring-framework-expert-master-master\src\main\java\com\algaworks\brewer\model\UsuarioGrupo.java
C:\Users\e.andre.germano\Documentos\Eclipse\algaworks-curso-spring-framework-expert-master-master\src\main\java\com\algaworks\brewer\repository\filter\VendaFilter.java
C:\Users\e.andre.germano\Documentos\Eclipse\algaworks-curso-spring-framework-expert-master-master\src\main\java\com\algaworks\brewer\repository\helper\estilo\EstilosImpl.java
C:\Users\e.andre.germano\Documentos\Eclipse\algaworks-curso-spring-framework-expert-master-master\src\main\java\com\algaworks\brewer\service\exception\NomeEstiloJaCadastradoException.java
C:\Users\e.andre.germano\Documentos\Eclipse\algaworks-curso-spring-framework-expert-master-master\src\main\java\com\algaworks\brewer\model\validation\ClienteGroupSequenceProvider.java
C:\Users\e.andre.germano\Documentos\Eclipse\algaworks-curso-spring-framework-expert-master-master\src\main\java\com\algaworks\brewer\service\CadastroVendaService.java
C:\Users\e.andre.germano\Documentos\Eclipse\algaworks-curso-spring-framework-expert-master-master\src\main\java\com\algaworks\brewer\model\TipoPessoa.java
C:\Users\e.andre.germano\Documentos\Eclipse\algaworks-curso-spring-framework-expert-master-master\src\main\java\com\algaworks\brewer\repository\helper\cidade\CidadesQueries.java
C:\Users\e.andre.germano\Documentos\Eclipse\algaworks-curso-spring-framework-expert-master-master\src\main\java\com\algaworks\brewer\repository\helper\cerveja\CervejasImpl.java
C:\Users\e.andre.germano\Documentos\Eclipse\algaworks-curso-spring-framework-expert-master-master\src\main\java\com\algaworks\brewer\repository\helper\usuario\UsuariosImpl.java
C:\Users\e.andre.germano\Documentos\Eclipse\algaworks-curso-spring-framework-expert-master-master\src\main\java\com\algaworks\brewer\controller\validator\VendaValidator.java
C:\Users\e.andre.germano\Documentos\Eclipse\algaworks-curso-spring-framework-expert-master-master\src\main\java\com\algaworks\brewer\config\WebConfig.java
C:\Users\e.andre.germano\Documentos\Eclipse\algaworks-curso-spring-framework-expert-master-master\src\main\java\com\algaworks\brewer\controller\DashboardController.java
C:\Users\e.andre.germano\Documentos\Eclipse\algaworks-curso-spring-framework-expert-master-master\src\main\java\com\algaworks\brewer\controller\VendasController.java
C:\Users\e.andre.germano\Documentos\Eclipse\algaworks-curso-spring-framework-expert-master-master\src\main\java\com\algaworks\brewer\controller\CervejasController.java
C:\Users\e.andre.germano\Documentos\Eclipse\algaworks-curso-spring-framework-expert-master-master\src\main\java\com\algaworks\brewer\repository\helper\estilo\EstilosQueries.java
C:\Users\e.andre.germano\Documentos\Eclipse\algaworks-curso-spring-framework-expert-master-master\src\main\java\com\algaworks\brewer\service\exception\NomeCidadeJaCadastradaException.java
C:\Users\e.andre.germano\Documentos\Eclipse\algaworks-curso-spring-framework-expert-master-master\src\main\java\com\algaworks\brewer\dto\ValorItensEstoque.java
C:\Users\e.andre.germano\Documentos\Eclipse\algaworks-curso-spring-framework-expert-master-master\src\main\java\com\algaworks\brewer\validation\SKU.java
C:\Users\e.andre.germano\Documentos\Eclipse\algaworks-curso-spring-framework-expert-master-master\src\main\java\com\algaworks\brewer\repository\filter\UsuarioFilter.java
C:\Users\e.andre.germano\Documentos\Eclipse\algaworks-curso-spring-framework-expert-master-master\src\main\java\com\algaworks\brewer\service\event\venda\VendaEvent.java
C:\Users\e.andre.germano\Documentos\Eclipse\algaworks-curso-spring-framework-expert-master-master\src\main\java\com\algaworks\brewer\service\event\venda\VendaListener.java
C:\Users\e.andre.germano\Documentos\Eclipse\algaworks-curso-spring-framework-expert-master-master\src\main\java\com\algaworks\brewer\thymeleaf\processor\OrderElementTagProcessor.java
C:\Users\e.andre.germano\Documentos\Eclipse\algaworks-curso-spring-framework-expert-master-master\src\main\java\com\algaworks\brewer\repository\helper\venda\VendasImpl.java
C:\Users\e.andre.germano\Documentos\Eclipse\algaworks-curso-spring-framework-expert-master-master\src\main\java\com\algaworks\brewer\security\UsuarioSistema.java
C:\Users\e.andre.germano\Documentos\Eclipse\algaworks-curso-spring-framework-expert-master-master\src\main\java\com\algaworks\brewer\mail\Mailer.java
C:\Users\e.andre.germano\Documentos\Eclipse\algaworks-curso-spring-framework-expert-master-master\src\main\java\com\algaworks\brewer\repository\filter\EstiloFilter.java
C:\Users\e.andre.germano\Documentos\Eclipse\algaworks-curso-spring-framework-expert-master-master\src\main\java\com\algaworks\brewer\controller\RelatoriosController.java
C:\Users\e.andre.germano\Documentos\Eclipse\algaworks-curso-spring-framework-expert-master-master\src\main\java\com\algaworks\brewer\repository\filter\CervejaFilter.java
C:\Users\e.andre.germano\Documentos\Eclipse\algaworks-curso-spring-framework-expert-master-master\src\main\java\com\algaworks\brewer\dto\CervejaDTO.java
C:\Users\e.andre.germano\Documentos\Eclipse\algaworks-curso-spring-framework-expert-master-master\src\main\java\com\algaworks\brewer\repository\helper\cerveja\CervejasQueries.java
C:\Users\e.andre.germano\Documentos\Eclipse\algaworks-curso-spring-framework-expert-master-master\src\main\java\com\algaworks\brewer\service\CadastroUsuarioService.java
C:\Users\e.andre.germano\Documentos\Eclipse\algaworks-curso-spring-framework-expert-master-master\src\main\java\com\algaworks\brewer\model\ItemVenda.java
C:\Users\e.andre.germano\Documentos\Eclipse\algaworks-curso-spring-framework-expert-master-master\src\main\java\com\algaworks\brewer\controller\ErrosController.java
C:\Users\e.andre.germano\Documentos\Eclipse\algaworks-curso-spring-framework-expert-master-master\src\main\java\com\algaworks\brewer\service\CadastroClienteService.java
C:\Users\e.andre.germano\Documentos\Eclipse\algaworks-curso-spring-framework-expert-master-master\src\main\java\com\algaworks\brewer\storage\local\FotoStorageLocal.java
C:\Users\e.andre.germano\Documentos\Eclipse\algaworks-curso-spring-framework-expert-master-master\src\main\java\com\algaworks\brewer\session\TabelaItensVenda.java
C:\Users\e.andre.germano\Documentos\Eclipse\algaworks-curso-spring-framework-expert-master-master\src\main\java\com\algaworks\brewer\model\validation\group\CpfGroup.java
C:\Users\e.andre.germano\Documentos\Eclipse\algaworks-curso-spring-framework-expert-master-master\src\main\java\com\algaworks\brewer\dto\PeriodoRelatorio.java
C:\Users\e.andre.germano\Documentos\Eclipse\algaworks-curso-spring-framework-expert-master-master\src\main\java\com\algaworks\brewer\model\validation\group\CnpjGroup.java
C:\Users\e.andre.germano\Documentos\Eclipse\algaworks-curso-spring-framework-expert-master-master\src\main\java\com\algaworks\brewer\repository\helper\cliente\ClientesQueries.java
C:\Users\e.andre.germano\Documentos\Eclipse\algaworks-curso-spring-framework-expert-master-master\src\main\java\com\algaworks\brewer\model\Estilo.java
C:\Users\e.andre.germano\Documentos\Eclipse\algaworks-curso-spring-framework-expert-master-master\src\main\java\com\algaworks\brewer\controller\FotosController.java
C:\Users\e.andre.germano\Documentos\Eclipse\algaworks-curso-spring-framework-expert-master-master\src\main\java\com\algaworks\brewer\repository\paginacao\PaginacaoUtil.java
C:\Users\e.andre.germano\Documentos\Eclipse\algaworks-curso-spring-framework-expert-master-master\src\main\java\com\algaworks\brewer\session\TabelasItensSession.java
C:\Users\e.andre.germano\Documentos\Eclipse\algaworks-curso-spring-framework-expert-master-master\src\main\java\com\algaworks\brewer\config\SecurityConfig.java
C:\Users\e.andre.germano\Documentos\Eclipse\algaworks-curso-spring-framework-expert-master-master\src\main\java\com\algaworks\brewer\service\exception\SenhaObrigatoriaUsuarioException.java
C:\Users\e.andre.germano\Documentos\Eclipse\algaworks-curso-spring-framework-expert-master-master\src\main\java\com\algaworks\brewer\model\Endereco.java
C:\Users\e.andre.germano\Documentos\Eclipse\algaworks-curso-spring-framework-expert-master-master\src\main\java\com\algaworks\brewer\repository\filter\CidadeFilter.java
C:\Users\e.andre.germano\Documentos\Eclipse\algaworks-curso-spring-framework-expert-master-master\src\main\java\com\algaworks\brewer\thymeleaf\processor\ClassForErrorAttributeTagProcessor.java
C:\Users\e.andre.germano\Documentos\Eclipse\algaworks-curso-spring-framework-expert-master-master\src\main\java\com\algaworks\brewer\model\Permissao.java
C:\Users\e.andre.germano\Documentos\Eclipse\algaworks-curso-spring-framework-expert-master-master\src\main\java\com\algaworks\brewer\model\Cliente.java
C:\Users\e.andre.germano\Documentos\Eclipse\algaworks-curso-spring-framework-expert-master-master\src\main\java\com\algaworks\brewer\repository\Usuarios.java
C:\Users\e.andre.germano\Documentos\Eclipse\algaworks-curso-spring-framework-expert-master-master\src\main\java\com\algaworks\brewer\storage\FotoStorage.java
C:\Users\e.andre.germano\Documentos\Eclipse\algaworks-curso-spring-framework-expert-master-master\src\main\java\com\algaworks\brewer\repository\Cervejas.java
C:\Users\e.andre.germano\Documentos\Eclipse\algaworks-curso-spring-framework-expert-master-master\src\main\java\com\algaworks\brewer\service\exception\EmailUsuarioJaCadastradoException.java
C:\Users\e.andre.germano\Documentos\Eclipse\algaworks-curso-spring-framework-expert-master-master\src\main\java\com\algaworks\brewer\model\Origem.java
C:\Users\e.andre.germano\Documentos\Eclipse\algaworks-curso-spring-framework-expert-master-master\src\main\java\com\algaworks\brewer\service\CadastroCidadeService.java
C:\Users\e.andre.germano\Documentos\Eclipse\algaworks-curso-spring-framework-expert-master-master\src\main\java\com\algaworks\brewer\controller\converter\GrupoConverter.java
C:\Users\e.andre.germano\Documentos\Eclipse\algaworks-curso-spring-framework-expert-master-master\src\main\java\com\algaworks\brewer\model\Sabor.java
C:\Users\e.andre.germano\Documentos\Eclipse\algaworks-curso-spring-framework-expert-master-master\src\main\java\com\algaworks\brewer\model\Venda.java
C:\Users\e.andre.germano\Documentos\Eclipse\algaworks-curso-spring-framework-expert-master-master\src\main\java\com\algaworks\brewer\repository\helper\cliente\ClientesImpl.java
C:\Users\e.andre.germano\Documentos\Eclipse\algaworks-curso-spring-framework-expert-master-master\src\main\java\com\algaworks\brewer\controller\handler\ControllerAdviceExceptionHandler.java
C:\Users\e.andre.germano\Documentos\Eclipse\algaworks-curso-spring-framework-expert-master-master\src\main\java\com\algaworks\brewer\thymeleaf\processor\MenuAttributeTagProcessor.java
C:\Users\e.andre.germano\Documentos\Eclipse\algaworks-curso-spring-framework-expert-master-master\src\main\java\com\algaworks\brewer\repository\Vendas.java
C:\Users\e.andre.germano\Documentos\Eclipse\algaworks-curso-spring-framework-expert-master-master\src\main\java\com\algaworks\brewer\service\StatusUsuario.java
C:\Users\e.andre.germano\Documentos\Eclipse\algaworks-curso-spring-framework-expert-master-master\src\main\java\com\algaworks\brewer\service\CadastroCervejaService.java
C:\Users\e.andre.germano\Documentos\Eclipse\algaworks-curso-spring-framework-expert-master-master\src\main\java\com\algaworks\brewer\config\JPAConfig.java
C:\Users\e.andre.germano\Documentos\Eclipse\algaworks-curso-spring-framework-expert-master-master\src\main\java\com\algaworks\brewer\thymeleaf\processor\MessageElementTagProcessor.java
C:\Users\e.andre.germano\Documentos\Eclipse\algaworks-curso-spring-framework-expert-master-master\src\main\java\com\algaworks\brewer\model\UsuarioGrupoId.java
C:\Users\e.andre.germano\Documentos\Eclipse\algaworks-curso-spring-framework-expert-master-master\src\main\java\com\algaworks\brewer\config\init\SecurityInitializer.java
C:\Users\e.andre.germano\Documentos\Eclipse\algaworks-curso-spring-framework-expert-master-master\src\main\java\com\algaworks\brewer\repository\Estados.java
C:\Users\e.andre.germano\Documentos\Eclipse\algaworks-curso-spring-framework-expert-master-master\src\main\java\com\algaworks\brewer\repository\helper\venda\VendasQueries.java
C:\Users\e.andre.germano\Documentos\Eclipse\algaworks-curso-spring-framework-expert-master-master\src\main\java\com\algaworks\brewer\dto\FotoDTO.java
C:\Users\e.andre.germano\Documentos\Eclipse\algaworks-curso-spring-framework-expert-master-master\src\main\java\com\algaworks\brewer\dto\VendaOrigem.java
C:\Users\e.andre.germano\Documentos\Eclipse\algaworks-curso-spring-framework-expert-master-master\src\main\java\com\algaworks\brewer\repository\filter\ClienteFilter.java
C:\Users\e.andre.germano\Documentos\Eclipse\algaworks-curso-spring-framework-expert-master-master\src\main\java\com\algaworks\brewer\model\StatusVenda.java
C:\Users\e.andre.germano\Documentos\Eclipse\algaworks-curso-spring-framework-expert-master-master\src\main\java\com\algaworks\brewer\service\exception\ImpossivelExcluirEntidadeException.java
C:\Users\e.andre.germano\Documentos\Eclipse\algaworks-curso-spring-framework-expert-master-master\src\main\java\com\algaworks\brewer\repository\Grupos.java
C:\Users\e.andre.germano\Documentos\Eclipse\algaworks-curso-spring-framework-expert-master-master\src\main\java\com\algaworks\brewer\controller\converter\CidadeConverter.java
C:\Users\e.andre.germano\Documentos\Eclipse\algaworks-curso-spring-framework-expert-master-master\src\main\java\com\algaworks\brewer\model\Estado.java
C:\Users\e.andre.germano\Documentos\Eclipse\algaworks-curso-spring-framework-expert-master-master\src\main\java\com\algaworks\brewer\controller\SegurancaController.java
C:\Users\e.andre.germano\Documentos\Eclipse\algaworks-curso-spring-framework-expert-master-master\src\main\java\com\algaworks\brewer\repository\helper\usuario\UsuariosQueries.java
C:\Users\e.andre.germano\Documentos\Eclipse\algaworks-curso-spring-framework-expert-master-master\src\main\java\com\algaworks\brewer\model\Cidade.java
C:\Users\e.andre.germano\Documentos\Eclipse\algaworks-curso-spring-framework-expert-master-master\src\main\java\com\algaworks\brewer\thymeleaf\BrewerDialect.java
C:\Users\e.andre.germano\Documentos\Eclipse\algaworks-curso-spring-framework-expert-master-master\src\main\java\com\algaworks\brewer\repository\helper\cidade\CidadesImpl.java
C:\Users\e.andre.germano\Documentos\Eclipse\algaworks-curso-spring-framework-expert-master-master\src\main\java\com\algaworks\brewer\validation\AtributoConfirmacao.java
C:\Users\e.andre.germano\Documentos\Eclipse\algaworks-curso-spring-framework-expert-master-master\src\main\java\com\algaworks\brewer\config\MailConfig.java
C:\Users\e.andre.germano\Documentos\Eclipse\algaworks-curso-spring-framework-expert-master-master\src\main\java\com\algaworks\brewer\model\Grupo.java
C:\Users\e.andre.germano\Documentos\Eclipse\algaworks-curso-spring-framework-expert-master-master\src\main\java\com\algaworks\brewer\repository\Estilos.java
C:\Users\e.andre.germano\Documentos\Eclipse\algaworks-curso-spring-framework-expert-master-master\src\main\java\com\algaworks\brewer\controller\ClientesController.java
C:\Users\e.andre.germano\Documentos\Eclipse\algaworks-curso-spring-framework-expert-master-master\src\main\java\com\algaworks\brewer\service\exception\CpfCnpjClienteJaCadastradoException.java
C:\Users\e.andre.germano\Documentos\Eclipse\algaworks-curso-spring-framework-expert-master-master\src\main\java\com\algaworks\brewer\BrewerApplication.java
C:\Users\e.andre.germano\Documentos\Eclipse\algaworks-curso-spring-framework-expert-master-master\src\main\java\com\algaworks\brewer\storage\FotoStorageRunnable.java
C:\Users\e.andre.germano\Documentos\Eclipse\algaworks-curso-spring-framework-expert-master-master\src\main\java\com\algaworks\brewer\controller\converter\EstadoConverter.java
C:\Users\e.andre.germano\Documentos\Eclipse\algaworks-curso-spring-framework-expert-master-master\src\main\java\com\algaworks\brewer\thymeleaf\processor\PaginationElementTagProcessor.java
C:\Users\e.andre.germano\Documentos\Eclipse\algaworks-curso-spring-framework-expert-master-master\src\main\java\com\algaworks\brewer\validation\validator\AtributoConfirmacaoValidator.java
C:\Users\e.andre.germano\Documentos\Eclipse\algaworks-curso-spring-framework-expert-master-master\src\main\java\com\algaworks\brewer\controller\UsuariosController.java
C:\Users\e.andre.germano\Documentos\Eclipse\algaworks-curso-spring-framework-expert-master-master\src\main\java\com\algaworks\brewer\controller\page\PageWrapper.java
C:\Users\e.andre.germano\Documentos\Eclipse\algaworks-curso-spring-framework-expert-master-master\src\main\java\com\algaworks\brewer\service\CadastroEstiloService.java
C:\Users\e.andre.germano\Documentos\Eclipse\algaworks-curso-spring-framework-expert-master-master\src\main\java\com\algaworks\brewer\model\Cerveja.java
C:\Users\e.andre.germano\Documentos\Eclipse\algaworks-curso-spring-framework-expert-master-master\src\main\java\com\algaworks\brewer\controller\CidadesController.java
C:\Users\e.andre.germano\Documentos\Eclipse\algaworks-curso-spring-framework-expert-master-master\src\main\java\com\algaworks\brewer\repository\Clientes.java
C:\Users\e.andre.germano\Documentos\Eclipse\algaworks-curso-spring-framework-expert-master-master\src\main\java\com\algaworks\brewer\repository\Cidades.java
C:\Users\e.andre.germano\Documentos\Eclipse\algaworks-curso-spring-framework-expert-master-master\src\main\java\com\algaworks\brewer\dto\VendaMes.java
C:\Users\e.andre.germano\Documentos\Eclipse\algaworks-curso-spring-framework-expert-master-master\src\main\java\com\algaworks\brewer\controller\EstilosController.java
C:\Users\e.andre.germano\Documentos\Eclipse\algaworks-curso-spring-framework-expert-master-master\src\main\java\com\algaworks\brewer\model\Usuario.java
C:\Users\e.andre.germano\Documentos\Eclipse\algaworks-curso-spring-framework-expert-master-master\src\main\java\com\algaworks\brewer\repository\listener\CervejaEntityListener.java
C:\Users\e.andre.germano\Documentos\Eclipse\algaworks-curso-spring-framework-expert-master-master\src\main\java\com\algaworks\brewer\security\AppUserDetailsService.java
C:\Users\e.andre.germano\Documentos\Eclipse\algaworks-curso-spring-framework-expert-master-master\src\main\java\com\algaworks\brewer\controller\converter\EstiloConverter.java
